// Jest Snapshot v1, https://goo.gl/fbAQLP

exports[`component.UI.Checkbox should render correctly 1`] = `
.c4 {
  box-sizing: border-box;
  margin-left: 8px;
  display: -webkit-box;
  display: -webkit-flex;
  display: -ms-flexbox;
  display: flex;
  -webkit-flex-direction: column;
  -ms-flex-direction: column;
  flex-direction: column;
  -webkit-align-items: flex-start;
  -webkit-box-align: flex-start;
  -ms-flex-align: flex-start;
  align-items: flex-start;
}

.c5 {
  box-sizing: border-box;
  font-size: 13px;
  color: #ffffff;
  line-height: 1.4;
}

.c6 {
  box-sizing: border-box;
  margin-top: 8px;
  font-size: 13px;
  color: #959595;
  line-height: 1.4;
}

.c3 {
  box-sizing: border-box;
  width: 18px;
  color: #242633;
  display: -webkit-box;
  display: -webkit-flex;
  display: -ms-flexbox;
  display: flex;
  -webkit-align-items: center;
  -webkit-box-align: center;
  -ms-flex-align: center;
  align-items: center;
  -webkit-box-pack: center;
  -webkit-justify-content: center;
  -ms-flex-pack: center;
  justify-content: center;
  height: 18px;
  border-radius: 5px;
  border: 1px solid #959595;
  background-color: transparent;
}

.c0 {
  box-sizing: border-box;
  display: -webkit-box;
  display: -webkit-flex;
  display: -ms-flexbox;
  display: flex;
  cursor: pointer;
  -webkit-user-select: none;
  -moz-user-select: none;
  -ms-user-select: none;
  user-select: none;
}

.c0:hover .c2 {
  border-color: #fd9800;
}

.c1 {
  border: 0;
  -webkit-clip: rect(0 0 0 0);
  clip: rect(0 0 0 0);
  -webkit-clip-path: inset(50%);
  clip-path: inset(50%);
  height: 1px;
  margin: -1px;
  overflow: hidden;
  padding: 0;
  position: absolute;
  white-space: nowrap;
  width: 1px;
}

<form
  onKeyDown={[Function]}
  onReset={[Function]}
  onSubmit={[Function]}
>
  <div
    className="c0"
    onClick={[Function]}
  >
    <input
      checked={false}
      className="c1"
      onChange={[Function]}
      type="checkbox"
    />
    <div
      className="c2 c3"
      color="primaryColor"
      width={18}
    />
    <div
      className="c4"
    >
      <div
        className="c5"
        color="primaryText"
        fontSize="m"
      >
        cb
      </div>
    </div>
  </div>
  <div
    className="c0"
    onClick={[Function]}
  >
    <input
      checked={false}
      className="c1"
      onChange={[Function]}
      type="checkbox"
    />
    <div
      className="c2 c3"
      color="primaryColor"
      width={18}
    />
    <div
      className="c4"
    >
      <div
        className="c5"
        color="primaryText"
        fontSize="m"
      >
        cb
      </div>
      <div
        className="c6"
        color="gray"
        fontSize="m"
      >
        desc
      </div>
    </div>
  </div>
</form>
`;
