// Jest Snapshot v1, https://goo.gl/fbAQLP

exports[`component.UI.Form should render correctly 1`] = `
<form
  className=""
  onKeyDown={[Function]}
  onReset={[Function]}
  onSubmit={[Function]}
/>
`;
