// Jest Snapshot v1, https://goo.gl/fbAQLP

exports[`component.UI.Radio should render correctly 1`] = `
.c3 {
  box-sizing: border-box;
  margin: 0;
  min-width: 0;
}

.c4 {
  box-sizing: border-box;
  margin: 0;
  min-width: 0;
  color: #ffffff;
  font-size: 13px;
  line-height: 1.4;
}

.c5 {
  box-sizing: border-box;
  margin: 0;
  min-width: 0;
  color: #959595;
  font-size: 13px;
  line-height: 1.4;
  margin-top: 4px;
}

.c1 {
  box-sizing: border-box;
  margin: 0;
  min-width: 0;
  width: 100%;
  color: #ffffff;
  font-weight: 400;
  width: auto;
  font-weight: 300;
  margin-bottom: 16px;
  padding-left: 30px;
  display: -webkit-box;
  display: -webkit-flex;
  display: -ms-flexbox;
  display: flex;
}

.c2 {
  box-sizing: border-box;
  margin: 0;
  min-width: 0;
  display: -webkit-box;
  display: -webkit-flex;
  display: -ms-flexbox;
  display: flex;
}

.c0 {
  box-sizing: border-box;
  margin: 0;
  min-width: 0;
}

.c0 .container {
  display: block;
  position: relative;
  cursor: pointer;
  -webkit-user-select: none;
  -moz-user-select: none;
  -ms-user-select: none;
  user-select: none;
}

.c0 .container input {
  position: absolute;
  opacity: 0;
  cursor: pointer;
}

.c0 .selection {
  position: absolute;
  top: 1px;
  left: 0;
  height: 16px;
  width: 16px;
  border: 1px solid #959595;
  border-radius: 50%;
}

.c0 .container:hover input ~ .selection {
  border: 1px solid #fd9800;
}

.c0 .container input:checked ~ .selection {
  border: 1px solid #fd9800;
}

.c0 .selection:after {
  content: '';
  position: absolute;
  display: none;
}

.c0 .container input:checked ~ .selection:after {
  display: block;
}

.c0 .container .selection:after {
  top: 3px;
  left: 3px;
  width: 8px;
  height: 8px;
  border-radius: 50%;
  background: #fd9800;
}

<form
  className=""
  noValidate={true}
  onKeyDown={[Function]}
  onReset={[Function]}
  onSubmit={[Function]}
>
  <div
    className="c0"
  >
    <label
      className="container c1"
      fontWeight="light"
      htmlFor="item1"
    >
      <div
        className="c2"
      >
        <div
          className="c3"
        >
          <div
            className="c4"
            color="primaryText"
            fontSize="m"
          >
            Item 1
          </div>
          <input
            checked={false}
            id="item1"
            onBlur={[Function]}
            onChange={[Function]}
            type="radio"
            value="item1"
          />
          <span
            className="selection"
          />
          <div
            className="c5"
            color="gray"
            fontSize="m"
          >
            Radio buttons
          </div>
        </div>
      </div>
    </label>
  </div>
  <div
    className="c0"
  >
    <label
      className="container c1"
      fontWeight="light"
      htmlFor="item2"
    >
      <div
        className="c2"
      >
        <div
          className="c3"
        >
          <div
            className="c4"
            color="primaryText"
            fontSize="m"
          >
            Item 2
          </div>
          <input
            checked={false}
            id="item2"
            onBlur={[Function]}
            onChange={[Function]}
            type="radio"
            value="item2"
          />
          <span
            className="selection"
          />
          <div
            className="c5"
            color="gray"
            fontSize="m"
          >
            can have an optional title
          </div>
        </div>
      </div>
    </label>
  </div>
  <div
    className="c0"
  >
    <label
      className="container c1"
      fontWeight="light"
      htmlFor="item3"
    >
      <div
        className="c2"
      >
        <div
          className="c3"
        >
          <div
            className="c4"
            color="primaryText"
            fontSize="m"
          >
            Item 3
          </div>
          <input
            checked={false}
            id="item3"
            onBlur={[Function]}
            onChange={[Function]}
            type="radio"
            value="item3"
          />
          <span
            className="selection"
          />
          <div
            className="c5"
            color="gray"
            fontSize="m"
          >
            and description
          </div>
        </div>
      </div>
    </label>
  </div>
</form>
`;
