// Jest Snapshot v1, https://goo.gl/fbAQLP

exports[`component.UI.Input should render correctly 1`] = `
.c0 {
  box-sizing: border-box;
  display: -webkit-box;
  display: -webkit-flex;
  display: -ms-flexbox;
  display: flex;
  -webkit-flex-direction: column;
  -ms-flex-direction: column;
  flex-direction: column;
}

.c1 {
  box-sizing: border-box;
  display: -webkit-box;
  display: -webkit-flex;
  display: -ms-flexbox;
  display: flex;
  -webkit-align-items: center;
  -webkit-box-align: center;
  -ms-flex-align: center;
  align-items: center;
}

.c2 {
  padding: 16px;
  color: #ffffff;
  background-color: transparent;
  border: 1px solid;
  border-color: #959595;
  border-radius: 5px;
  font-family: Roboto,system-ui,sans-serif;
  font-size: 13px;
  font-weight: 300;
  width: 100%;
  opacity: inherit;
  outline: none;
  border-color: #959595;
}

.c2:not([readOnly]):not([disabled]):focus {
  border-color: #fd9800;
}

.c2::-webkit-search-decoration:hover,
.c2::-webkit-search-cancel-button:hover {
  cursor: pointer;
}

<form
  onKeyDown={[Function]}
  onReset={[Function]}
  onSubmit={[Function]}
>
  <div
    className="c0"
  >
    <div
      className="c1"
    >
      <input
        className="c2"
        color="primaryText"
        disabled={false}
        fontFamily="sans"
        fontSize="m"
        fontWeight="light"
        onBlur={[Function]}
        onChange={[Function]}
        onFocus={[Function]}
        readOnly={false}
        value=""
        width={1}
      />
    </div>
  </div>
</form>
`;
