// Jest Snapshot v1, https://goo.gl/fbAQLP

exports[`component.UI.Toggle should render correctly 1`] = `
.c1 {
  box-sizing: border-box;
  margin: 0;
  min-width: 0;
  display: -webkit-box;
  display: -webkit-flex;
  display: -ms-flexbox;
  display: flex;
}

.c0 {
  position: relative;
}

.c0 .switch {
  position: relative;
  display: inline-block;
  width: 32px;
  height: 18px;
}

.c0 .switch input {
  opacity: 0;
  width: 0;
  height: 0;
}

.c0 .slider {
  position: absolute;
  cursor: pointer;
  top: 0;
  left: 0;
  right: 0;
  bottom: 0;
  background-color: #959595;
  -webkit-transition: 0.4s;
  transition: 0.4s;
  border-radius: 34px;
}

.c0 .slider:before {
  position: absolute;
  content: '';
  height: 10px;
  width: 10px;
  left: 4px;
  top: 4px;
  background-color: white;
  -webkit-transition: 0.4s;
  transition: 0.4s;
  border-radius: 50%;
  box-shadow: 0 2px 3px 0 rgba(0,0,0,0.3);
}

.c0 input:checked + .slider {
  background-color: #39e673;
}

.c0 input:checked + .slider:before {
  -webkit-transform: translateX(13px);
  -ms-transform: translateX(13px);
  transform: translateX(13px);
}

<form
  onKeyDown={[Function]}
  onReset={[Function]}
  onSubmit={[Function]}
>
  <div
    className="c0"
  >
    <div
      className="c1"
    >
      <label
        className="switch"
      >
        <input
          checked={false}
          name="name"
          onBlur={[Function]}
          onChange={[Function]}
          type="checkbox"
        />
        <span
          className="slider round"
        />
      </label>
    </div>
  </div>
</form>
`;
