// Jest Snapshot v1, https://goo.gl/fbAQLP

exports[`component.UI.BackgroundSecondary should render correctly 1`] = `
.c0 {
  box-sizing: border-box;
  margin: 0;
  min-width: 0;
  background-color: secondaryColor;
  color: primaryText;
}

<div
  className="c0"
  color="primaryText"
/>
`;
