// Jest Snapshot v1, https://goo.gl/fbAQLP

exports[`component.UI.Card should render correctly 1`] = `
<ForwardRef
  as="section"
  bg="primaryColor"
  color="primaryText"
  p={3}
  sx={
    Object {
      "borderRadius": "s",
      "boxShadow": "m",
    }
  }
>
  content
</ForwardRef>
`;
