// Jest Snapshot v1, https://goo.gl/fbAQLP

exports[`component.UI.LightningInvoiceInput should render correctly 1`] = `
.c0 {
  display: -webkit-box;
  display: -webkit-flex;
  display: -ms-flexbox;
  display: flex;
  -webkit-flex-direction: column;
  -ms-flex-direction: column;
  flex-direction: column;
}

.c2 {
  display: -webkit-box;
  display: -webkit-flex;
  display: -ms-flexbox;
  display: flex;
}

.c1 {
  padding: 16px;
  width: 100%;
  font-size: 13px;
  color: #ffffff;
  background-color: transparent;
  color: #ffffff;
  background-color: transparent;
  font-family: Roboto,system-ui,sans-serif;
  font-weight: 300;
  border: 1px solid;
  border: 1px solid;
  border-color: #959595;
  border-radius: 5px;
  outline: none;
}

.c1:not([readOnly]):not([disabled]):focus {
  border: 1px solid #fd9800;
}

<form
  onReset={[Function]}
  onSubmit={[Function]}
>
  <div
    className="c0"
  >
    <textarea
      className="c1"
      color="primaryText"
      fontFamily="sans"
      fontSize="m"
      fontWeight="light"
      onBlur={[Function]}
      onChange={[Function]}
      onFocus={[Function]}
      opacity={null}
      placeholder="Paste a Lightning Payment Request or Bitcoin Address here"
      required={false}
      rows={5}
      spellCheck="false"
      value=""
      width={1}
    />
    <div
      className="c2"
    />
  </div>
</form>
`;
