// Jest Snapshot v1, https://goo.gl/fbAQLP

exports[`component.UI.Modal should render correctly 1`] = `
.c0 {
  box-sizing: border-box;
  margin: 0;
  min-width: 0;
  background-color: primaryColor;
  color: primaryText;
  height: 100%;
  width: 100%;
}

.c3 {
  box-sizing: border-box;
  margin: 0;
  min-width: 0;
  -webkit-box-pack: end;
  -webkit-justify-content: flex-end;
  -ms-flex-pack: end;
  justify-content: flex-end;
  display: -webkit-box;
  display: -webkit-flex;
  display: -ms-flexbox;
  display: flex;
}

.c5 {
  box-sizing: border-box;
  margin: 0;
  min-width: 0;
  overflow: hidden;
  position: relative;
  box-shadow: l;
  background-color: primaryColor;
  color: primaryText;
  height: 100%;
  min-height: 425px;
  min-width: 900px;
  display: -webkit-box;
  display: -webkit-flex;
  display: -ms-flexbox;
  display: flex;
}

.c4 {
  box-sizing: border-box;
  margin: 0;
  min-width: 0;
  padding: 8px;
  height: 40px;
  cursor: pointer;
  opacity: 0.6;
}

.c1 {
  box-sizing: border-box;
  margin: 0;
  min-width: 0;
  -webkit-box-pack: end;
  -webkit-justify-content: flex-end;
  -ms-flex-pack: end;
  justify-content: flex-end;
  padding-top: 16px;
  padding-left: 16px;
  padding-right: 16px;
  display: -webkit-box;
  display: -webkit-flex;
  display: -ms-flexbox;
  display: flex;
  position: absolute;
  top: 0;
  left: 0;
  right: 0;
  z-index: 2;
  pointer-events: none;
}

.c2 {
  box-sizing: border-box;
  margin: 0;
  min-width: 0;
  color: primaryText;
  pointer-events: auto;
  display: inline-block;
}

<div
  className="c0"
  color="primaryText"
  height="100%"
  width={1}
>
  <div
    className="c1"
  >
    <div
      className="c2"
      color="primaryText"
    >
      <div
        className="c3"
      >
        <div
          className="c4"
        >
          <svg
            height={20}
            viewBox="0 0 22 20"
            width={20}
          >
            <defs>
              <path
                d="M10 10L0 20l10-10L0 0l10 10L20 0l-8.394 8.394L10 10l1.606 1.606L20 20 10 10z"
                id="x_svg__a"
              />
            </defs>
            <use
              fill="none"
              fillRule="evenodd"
              stroke="currentColor"
              strokeLinecap="round"
              strokeLinejoin="round"
              transform="translate(1)"
              xlinkHref="#x_svg__a"
            />
          </svg>
        </div>
      </div>
    </div>
  </div>
  <article
    className="c5"
    color="primaryText"
    height="100%"
  />
</div>
`;
