// Jest Snapshot v1, https://goo.gl/fbAQLP

exports[`component.UI.Panel should render correctly 1`] = `
.c1 {
  box-sizing: border-box;
  margin: 0;
  min-width: 0;
}

.c2 {
  box-sizing: border-box;
  margin: 0;
  min-width: 0;
  -webkit-flex: 1;
  -ms-flex: 1;
  flex: 1;
}

.c3 {
  box-sizing: border-box;
  margin: 0;
  min-width: 0;
  padding-top: auto;
}

.c0 {
  box-sizing: border-box;
  margin: 0;
  min-width: 0;
  height: 100%;
  -webkit-flex-direction: column;
  -ms-flex-direction: column;
  flex-direction: column;
  display: -webkit-box;
  display: -webkit-flex;
  display: -ms-flexbox;
  display: flex;
}

<article
  className="c0"
  height="100%"
>
  <header
    className="c1"
  >
    Header here
  </header>
  <section
    className="c2"
  >
    Body here
  </section>
  <footer
    className="c3"
  >
    Footer here
  </footer>
</article>
`;
