// Jest Snapshot v1, https://goo.gl/fbAQLP

exports[`component.UI.Text should render correctly 1`] = `
.c0 {
  box-sizing: border-box;
  margin: 0;
  min-width: 0;
  color: primaryText;
  font-size: m;
  line-height: normal;
}

<div
  className="c0"
  color="primaryText"
  fontSize="m"
/>
`;
