// Jest Snapshot v1, https://goo.gl/fbAQLP

exports[`reducers neutrinoReducer should handle NEUTRINO_CRASHED 1`] = `
Snapshot Diff:
- First value
+ Second value

  Object {
    "blockHeight": 0,
    "grpcActiveInterface": null,
-   "isNeutrinoCrashed": false,
+   "isNeutrinoCrashed": true,
    "isNeutrinoRunning": false,
    "isStartingNeutrino": false,
    "isStoppingNeutrino": false,
    "neutrinoBlockHeight": 0,
    "neutrinoCfilterHeight": 0,
-   "neutrinoCrashCode": null,
-   "neutrinoCrashLastError": null,
-   "neutrinoCrashSignal": null,
+   "neutrinoCrashCode": 1,
+   "neutrinoCrashLastError": "Some error",
+   "neutrinoCrashSignal": "SIGTERM",
    "neutrinoFirstBlockHeight": 0,
    "neutrinoFirstCfilterHeight": 0,
    "neutrinoFirstRecoveryHeight": 0,
    "neutrinoRecoveryHeight": 0,
    "startNeutrinoError": null,
    "stopNeutrinoError": null,
    "syncStatus": "pending",
  }
`;

exports[`reducers neutrinoReducer should handle NEUTRINO_RESET 1`] = `
Snapshot Diff:
Compared values have no visual difference.
`;

exports[`reducers neutrinoReducer should handle RECEIVE_CURRENT_BLOCK_HEIGHT 1`] = `
Snapshot Diff:
- First value
+ Second value

  Object {
-   "blockHeight": 0,
+   "blockHeight": 12345,
    "grpcActiveInterface": null,
    "isNeutrinoCrashed": false,
    "isNeutrinoRunning": false,
    "isStartingNeutrino": false,
    "isStoppingNeutrino": false,
    "neutrinoBlockHeight": 0,
    "neutrinoCfilterHeight": 0,
    "neutrinoCrashCode": null,
    "neutrinoCrashLastError": null,
    "neutrinoCrashSignal": null,
    "neutrinoFirstBlockHeight": 0,
    "neutrinoFirstCfilterHeight": 0,
    "neutrinoFirstRecoveryHeight": 0,
    "neutrinoRecoveryHeight": 0,
    "startNeutrinoError": null,
    "stopNeutrinoError": null,
    "syncStatus": "pending",
  }
`;

exports[`reducers neutrinoReducer should handle RECEIVE_LND_BLOCK_HEIGHT 1`] = `
Snapshot Diff:
- First value
+ Second value

  Object {
    "blockHeight": 0,
    "grpcActiveInterface": null,
    "isNeutrinoCrashed": false,
    "isNeutrinoRunning": false,
    "isStartingNeutrino": false,
    "isStoppingNeutrino": false,
-   "neutrinoBlockHeight": 0,
+   "neutrinoBlockHeight": 12345,
    "neutrinoCfilterHeight": 0,
    "neutrinoCrashCode": null,
    "neutrinoCrashLastError": null,
    "neutrinoCrashSignal": null,
-   "neutrinoFirstBlockHeight": 0,
+   "neutrinoFirstBlockHeight": 12345,
    "neutrinoFirstCfilterHeight": 0,
    "neutrinoFirstRecoveryHeight": 0,
    "neutrinoRecoveryHeight": 0,
    "startNeutrinoError": null,
    "stopNeutrinoError": null,
    "syncStatus": "pending",
  }
`;

exports[`reducers neutrinoReducer should handle RECEIVE_LND_CFILTER_HEIGHT 1`] = `
Snapshot Diff:
- First value
+ Second value

  Object {
    "blockHeight": 0,
    "grpcActiveInterface": null,
    "isNeutrinoCrashed": false,
    "isNeutrinoRunning": false,
    "isStartingNeutrino": false,
    "isStoppingNeutrino": false,
    "neutrinoBlockHeight": 0,
-   "neutrinoCfilterHeight": 0,
+   "neutrinoCfilterHeight": 12345,
    "neutrinoCrashCode": null,
    "neutrinoCrashLastError": null,
    "neutrinoCrashSignal": null,
    "neutrinoFirstBlockHeight": 0,
-   "neutrinoFirstCfilterHeight": 0,
+   "neutrinoFirstCfilterHeight": 12345,
    "neutrinoFirstRecoveryHeight": 0,
    "neutrinoRecoveryHeight": 0,
    "startNeutrinoError": null,
    "stopNeutrinoError": null,
    "syncStatus": "pending",
  }
`;

exports[`reducers neutrinoReducer should handle RECEIVE_LND_RECOVERY_HEIGHT 1`] = `
Snapshot Diff:
- First value
+ Second value

  Object {
    "blockHeight": 0,
    "grpcActiveInterface": null,
    "isNeutrinoCrashed": false,
    "isNeutrinoRunning": false,
    "isStartingNeutrino": false,
    "isStoppingNeutrino": false,
    "neutrinoBlockHeight": 0,
    "neutrinoCfilterHeight": 0,
    "neutrinoCrashCode": null,
    "neutrinoCrashLastError": null,
    "neutrinoCrashSignal": null,
    "neutrinoFirstBlockHeight": 0,
    "neutrinoFirstCfilterHeight": 0,
-   "neutrinoFirstRecoveryHeight": 0,
-   "neutrinoRecoveryHeight": 0,
+   "neutrinoFirstRecoveryHeight": 12345,
+   "neutrinoRecoveryHeight": 12345,
    "startNeutrinoError": null,
    "stopNeutrinoError": null,
    "syncStatus": "pending",
  }
`;

exports[`reducers neutrinoReducer should handle SET_GRPC_ACTIVE_INTERFACE 1`] = `
Snapshot Diff:
- First value
+ Second value

  Object {
    "blockHeight": 0,
-   "grpcActiveInterface": null,
+   "grpcActiveInterface": "lightning",
    "isNeutrinoCrashed": false,
    "isNeutrinoRunning": false,
    "isStartingNeutrino": false,
    "isStoppingNeutrino": false,
    "neutrinoBlockHeight": 0,
    "neutrinoCfilterHeight": 0,
    "neutrinoCrashCode": null,
    "neutrinoCrashLastError": null,
    "neutrinoCrashSignal": null,
    "neutrinoFirstBlockHeight": 0,
    "neutrinoFirstCfilterHeight": 0,
    "neutrinoFirstRecoveryHeight": 0,
    "neutrinoRecoveryHeight": 0,
    "startNeutrinoError": null,
    "stopNeutrinoError": null,
    "syncStatus": "pending",
  }
`;

exports[`reducers neutrinoReducer should handle SET_SYNC_STATUS_COMPLETE 1`] = `
Snapshot Diff:
- First value
+ Second value

  Object {
    "blockHeight": 0,
    "grpcActiveInterface": null,
    "isNeutrinoCrashed": false,
    "isNeutrinoRunning": false,
    "isStartingNeutrino": false,
    "isStoppingNeutrino": false,
    "neutrinoBlockHeight": 0,
    "neutrinoCfilterHeight": 0,
    "neutrinoCrashCode": null,
    "neutrinoCrashLastError": null,
    "neutrinoCrashSignal": null,
    "neutrinoFirstBlockHeight": 0,
    "neutrinoFirstCfilterHeight": 0,
    "neutrinoFirstRecoveryHeight": 0,
    "neutrinoRecoveryHeight": 0,
    "startNeutrinoError": null,
    "stopNeutrinoError": null,
-   "syncStatus": "pending",
+   "syncStatus": "complete",
  }
`;

exports[`reducers neutrinoReducer should handle SET_SYNC_STATUS_IN_PROGRESS 1`] = `
Snapshot Diff:
- First value
+ Second value

  Object {
    "blockHeight": 0,
    "grpcActiveInterface": null,
    "isNeutrinoCrashed": false,
    "isNeutrinoRunning": false,
    "isStartingNeutrino": false,
    "isStoppingNeutrino": false,
    "neutrinoBlockHeight": 0,
    "neutrinoCfilterHeight": 0,
    "neutrinoCrashCode": null,
    "neutrinoCrashLastError": null,
    "neutrinoCrashSignal": null,
    "neutrinoFirstBlockHeight": 0,
    "neutrinoFirstCfilterHeight": 0,
    "neutrinoFirstRecoveryHeight": 0,
    "neutrinoRecoveryHeight": 0,
    "startNeutrinoError": null,
    "stopNeutrinoError": null,
-   "syncStatus": "pending",
+   "syncStatus": "in-progress",
  }
`;

exports[`reducers neutrinoReducer should handle SET_SYNC_STATUS_PENDING 1`] = `
Snapshot Diff:
Compared values have no visual difference.
`;

exports[`reducers neutrinoReducer should handle SET_SYNC_STATUS_WAITING 1`] = `
Snapshot Diff:
- First value
+ Second value

  Object {
    "blockHeight": 0,
    "grpcActiveInterface": null,
    "isNeutrinoCrashed": false,
    "isNeutrinoRunning": false,
    "isStartingNeutrino": false,
    "isStoppingNeutrino": false,
    "neutrinoBlockHeight": 0,
    "neutrinoCfilterHeight": 0,
    "neutrinoCrashCode": null,
    "neutrinoCrashLastError": null,
    "neutrinoCrashSignal": null,
    "neutrinoFirstBlockHeight": 0,
    "neutrinoFirstCfilterHeight": 0,
    "neutrinoFirstRecoveryHeight": 0,
    "neutrinoRecoveryHeight": 0,
    "startNeutrinoError": null,
    "stopNeutrinoError": null,
-   "syncStatus": "pending",
+   "syncStatus": "waiting",
  }
`;

exports[`reducers neutrinoReducer should handle START_NEUTRINO 1`] = `
Snapshot Diff:
- First value
+ Second value

  Object {
    "blockHeight": 0,
    "grpcActiveInterface": null,
    "isNeutrinoCrashed": false,
    "isNeutrinoRunning": false,
-   "isStartingNeutrino": false,
+   "isStartingNeutrino": true,
    "isStoppingNeutrino": false,
    "neutrinoBlockHeight": 0,
    "neutrinoCfilterHeight": 0,
    "neutrinoCrashCode": null,
    "neutrinoCrashLastError": null,
    "neutrinoCrashSignal": null,
    "neutrinoFirstBlockHeight": 0,
    "neutrinoFirstCfilterHeight": 0,
    "neutrinoFirstRecoveryHeight": 0,
    "neutrinoRecoveryHeight": 0,
    "startNeutrinoError": null,
    "stopNeutrinoError": null,
    "syncStatus": "pending",
  }
`;

exports[`reducers neutrinoReducer should handle START_NEUTRINO_FAILURE 1`] = `
Snapshot Diff:
- First value
+ Second value

  Object {
    "blockHeight": 0,
    "grpcActiveInterface": null,
    "isNeutrinoCrashed": false,
    "isNeutrinoRunning": false,
    "isStartingNeutrino": false,
    "isStoppingNeutrino": false,
    "neutrinoBlockHeight": 0,
    "neutrinoCfilterHeight": 0,
    "neutrinoCrashCode": null,
    "neutrinoCrashLastError": null,
    "neutrinoCrashSignal": null,
    "neutrinoFirstBlockHeight": 0,
    "neutrinoFirstCfilterHeight": 0,
    "neutrinoFirstRecoveryHeight": 0,
    "neutrinoRecoveryHeight": 0,
-   "startNeutrinoError": null,
+   "startNeutrinoError": "Some error",
    "stopNeutrinoError": null,
    "syncStatus": "pending",
  }
`;

exports[`reducers neutrinoReducer should handle START_NEUTRINO_SUCCESS 1`] = `
Snapshot Diff:
- First value
+ Second value

  Object {
    "blockHeight": 0,
    "grpcActiveInterface": null,
    "isNeutrinoCrashed": false,
-   "isNeutrinoRunning": false,
+   "isNeutrinoRunning": true,
    "isStartingNeutrino": false,
    "isStoppingNeutrino": false,
    "neutrinoBlockHeight": 0,
    "neutrinoCfilterHeight": 0,
    "neutrinoCrashCode": null,
    "neutrinoCrashLastError": null,
    "neutrinoCrashSignal": null,
    "neutrinoFirstBlockHeight": 0,
    "neutrinoFirstCfilterHeight": 0,
    "neutrinoFirstRecoveryHeight": 0,
    "neutrinoRecoveryHeight": 0,
    "startNeutrinoError": null,
    "stopNeutrinoError": null,
    "syncStatus": "pending",
  }
`;

exports[`reducers neutrinoReducer should handle STOP_NEUTRINO 1`] = `
Snapshot Diff:
- First value
+ Second value

  Object {
    "blockHeight": 0,
    "grpcActiveInterface": null,
    "isNeutrinoCrashed": false,
    "isNeutrinoRunning": false,
    "isStartingNeutrino": false,
-   "isStoppingNeutrino": false,
+   "isStoppingNeutrino": true,
    "neutrinoBlockHeight": 0,
    "neutrinoCfilterHeight": 0,
    "neutrinoCrashCode": null,
    "neutrinoCrashLastError": null,
    "neutrinoCrashSignal": null,
    "neutrinoFirstBlockHeight": 0,
    "neutrinoFirstCfilterHeight": 0,
    "neutrinoFirstRecoveryHeight": 0,
    "neutrinoRecoveryHeight": 0,
    "startNeutrinoError": null,
    "stopNeutrinoError": null,
    "syncStatus": "pending",
  }
`;

exports[`reducers neutrinoReducer should handle STOP_NEUTRINO_FAILURE 1`] = `
Snapshot Diff:
- First value
+ Second value

  Object {
    "blockHeight": 0,
    "grpcActiveInterface": null,
    "isNeutrinoCrashed": false,
    "isNeutrinoRunning": false,
    "isStartingNeutrino": false,
    "isStoppingNeutrino": false,
    "neutrinoBlockHeight": 0,
    "neutrinoCfilterHeight": 0,
    "neutrinoCrashCode": null,
    "neutrinoCrashLastError": null,
    "neutrinoCrashSignal": null,
    "neutrinoFirstBlockHeight": 0,
    "neutrinoFirstCfilterHeight": 0,
    "neutrinoFirstRecoveryHeight": 0,
    "neutrinoRecoveryHeight": 0,
    "startNeutrinoError": null,
-   "stopNeutrinoError": null,
+   "stopNeutrinoError": "some error",
    "syncStatus": "pending",
  }
`;

exports[`reducers neutrinoReducer should handle STOP_NEUTRINO_SUCCESS 1`] = `
Snapshot Diff:
Compared values have no visual difference.
`;

exports[`reducers neutrinoReducer should handle initial state 1`] = `
Object {
  "blockHeight": 0,
  "grpcActiveInterface": null,
  "isNeutrinoCrashed": false,
  "isNeutrinoRunning": false,
  "isStartingNeutrino": false,
  "isStoppingNeutrino": false,
  "neutrinoBlockHeight": 0,
  "neutrinoCfilterHeight": 0,
  "neutrinoCrashCode": null,
  "neutrinoCrashLastError": null,
  "neutrinoCrashSignal": null,
  "neutrinoFirstBlockHeight": 0,
  "neutrinoFirstCfilterHeight": 0,
  "neutrinoFirstRecoveryHeight": 0,
  "neutrinoRecoveryHeight": 0,
  "startNeutrinoError": null,
  "stopNeutrinoError": null,
  "syncStatus": "pending",
}
`;
