// Jest Snapshot v1, https://goo.gl/fbAQLP

exports[`component.Pay.PayHeader generic should render correctly 1`] = `
<Header
  align="center"
  logo={
    <SvgPaperPlane
      height="38px"
      width="38px"
    />
  }
  subtitle={
    <span>
      Â 
    </span>
  }
  title="Send Bitcoin"
/>
`;

exports[`component.Pay.PayHeader offchain should render correctly 1`] = `
<Header
  align="center"
  logo={
    <SvgLightning
      height="45px"
      width="45px"
    />
  }
  subtitle={
    <FormattedMessage
      defaultMessage="Lightning Payment"
      id="components.Pay.subtitle_offchain"
      values={Object {}}
    />
  }
  title="Send Bitcoin"
/>
`;

exports[`component.Pay.PayHeader onchain should render correctly 1`] = `
<Header
  align="center"
  logo={
    <SvgOnchain
      height="45px"
      width="45px"
    />
  }
  subtitle={
    <FormattedMessage
      defaultMessage="On-Chain Payment"
      id="components.Pay.subtitle_onchain"
      values={Object {}}
    />
  }
  title="Send Bitcoin"
/>
`;
